Loading positions: /nfs/research/jlees/jacqueline/thesis_results/gwas_datasets/inference/07_tb_rifampicin_binary/07_tb_rifampicin_binary_variant_index.csv
Loading RATE values from 1 file(s)
Parsing GFF: /nfs/research/jlees/jacqueline/thesis_results/locus_zoom/mtuberculosis/reference/tb_ref_NC_000962.3.gff3
Wrote 3 rows to /nfs/research/jlees/jacqueline/thesis_results/locus_zoom/mtuberculosis/plots/07_tb_rifampicin_binary_logistic_genes_top3/lead_variants_rate.tsv
Loading positions: /nfs/research/jlees/jacqueline/thesis_results/gwas_datasets/inference/07_tb_rifampicin_binary/07_tb_rifampicin_binary_variant_index.csv
  Loaded 75272 variant positions
  Loaded RATE values for 1 cutpoint(s): 1
  128 variants with 89% CI excluding zero
Loading SNPEff annotations: /nfs/research/jlees/jacqueline/gwas_data/tuberculosis/genotype/snpEff/fields_filtered.txt
Loading genes_of_interest: /nfs/research/jlees/jacqueline/thesis_code/gwas_genesofinterest/tb_rifampicin_genesofinterest.txt
Region: ?:3872960-3882960  |  Lead variant: 64947 (pos 3877960, cutpoint 1)
  158 (variant, cutpoint) rows in region — 158 distinct variants
Computing r² from genotype matrix: /nfs/research/jlees/jacqueline/thesis_results/gwas_tb_rifampicin/inference/07_tb_rifampicin_binary_logistic/cppRATE_matrices/design_matrix.csv
  r² range (per variant): 0.000 – 1.000 (median 0.000)
Parsing GFF3: /nfs/research/jlees/jacqueline/thesis_results/locus_zoom/mtuberculosis/reference/tb_ref_NC_000962.3.gff3
  Auto-detected seqname from GFF: NC_000962.3
  13 genes in region
Building plot...
Saving labeled plot to:   /nfs/research/jlees/jacqueline/thesis_results/locus_zoom/mtuberculosis/plots/07_tb_rifampicin_binary_logistic_genes_top3/rpoA_rate.png
Saving unlabeled plot to: /nfs/research/jlees/jacqueline/thesis_results/locus_zoom/mtuberculosis/plots/07_tb_rifampicin_binary_logistic_genes_top3/rpoA_rate_nolabels.png
Done.
Loading positions: /nfs/research/jlees/jacqueline/thesis_results/gwas_datasets/inference/07_tb_rifampicin_binary/07_tb_rifampicin_binary_variant_index.csv
  Loaded 75272 variant positions
  Loaded RATE values for 1 cutpoint(s): 1
  128 variants with 89% CI excluding zero
Loading SNPEff annotations: /nfs/research/jlees/jacqueline/gwas_data/tuberculosis/genotype/snpEff/fields_filtered.txt
Loading genes_of_interest: /nfs/research/jlees/jacqueline/thesis_code/gwas_genesofinterest/tb_rifampicin_genesofinterest.txt
Region: ?:755312-765312  |  Lead variant: 12501 (pos 760312, cutpoint 1)
  185 (variant, cutpoint) rows in region — 185 distinct variants
Computing r² from genotype matrix: /nfs/research/jlees/jacqueline/thesis_results/gwas_tb_rifampicin/inference/07_tb_rifampicin_binary_logistic/cppRATE_matrices/design_matrix.csv
  r² range (per variant): 0.000 – 1.000 (median 0.000)
Parsing GFF3: /nfs/research/jlees/jacqueline/thesis_results/locus_zoom/mtuberculosis/reference/tb_ref_NC_000962.3.gff3
  Auto-detected seqname from GFF: NC_000962.3
  8 genes in region
Building plot...
Saving labeled plot to:   /nfs/research/jlees/jacqueline/thesis_results/locus_zoom/mtuberculosis/plots/07_tb_rifampicin_binary_logistic_genes_top3/rpoB_rate.png
Saving unlabeled plot to: /nfs/research/jlees/jacqueline/thesis_results/locus_zoom/mtuberculosis/plots/07_tb_rifampicin_binary_logistic_genes_top3/rpoB_rate_nolabels.png
Done.
Loading positions: /nfs/research/jlees/jacqueline/thesis_results/gwas_datasets/inference/07_tb_rifampicin_binary/07_tb_rifampicin_binary_variant_index.csv
  Loaded 75272 variant positions
  Loaded RATE values for 1 cutpoint(s): 1
  128 variants with 89% CI excluding zero
Loading SNPEff annotations: /nfs/research/jlees/jacqueline/gwas_data/tuberculosis/genotype/snpEff/fields_filtered.txt
Loading genes_of_interest: /nfs/research/jlees/jacqueline/thesis_code/gwas_genesofinterest/tb_rifampicin_genesofinterest.txt
Region: ?:755312-765312  |  Lead variant: 12501 (pos 760312, cutpoint 1)
  185 (variant, cutpoint) rows in region — 185 distinct variants
Computing r² from genotype matrix: /nfs/research/jlees/jacqueline/thesis_results/gwas_tb_rifampicin/inference/07_tb_rifampicin_binary_logistic/cppRATE_matrices/design_matrix.csv
  r² range (per variant): 0.000 – 1.000 (median 0.000)
Parsing GFF3: /nfs/research/jlees/jacqueline/thesis_results/locus_zoom/mtuberculosis/reference/tb_ref_NC_000962.3.gff3
  Auto-detected seqname from GFF: NC_000962.3
  8 genes in region
Building plot...
Saving labeled plot to:   /nfs/research/jlees/jacqueline/thesis_results/locus_zoom/mtuberculosis/plots/07_tb_rifampicin_binary_logistic_genes_top3/rpoC_rate.png
Saving unlabeled plot to: /nfs/research/jlees/jacqueline/thesis_results/locus_zoom/mtuberculosis/plots/07_tb_rifampicin_binary_logistic_genes_top3/rpoC_rate_nolabels.png
Done.
Loading positions: /nfs/research/jlees/jacqueline/thesis_results/gwas_datasets/inference/07_tb_rifampicin_binary/07_tb_rifampicin_binary_variant_index.csv
Loading variant effects: /nfs/research/jlees/jacqueline/thesis_results/gwas_tb_rifampicin/inference/07_tb_rifampicin_binary_logistic/fitted_model/depruned_variant_effects.csv
Parsing GFF: /nfs/research/jlees/jacqueline/thesis_results/locus_zoom/mtuberculosis/reference/tb_ref_NC_000962.3.gff3
Wrote 3 rows to /nfs/research/jlees/jacqueline/thesis_results/locus_zoom/mtuberculosis/plots/07_tb_rifampicin_binary_logistic_genes_top3/lead_variants_abs_median.tsv
Loading positions: /nfs/research/jlees/jacqueline/thesis_results/gwas_datasets/inference/07_tb_rifampicin_binary/07_tb_rifampicin_binary_variant_index.csv
  Loaded 75272 variant positions
Loading variant effects: /nfs/research/jlees/jacqueline/thesis_results/gwas_tb_rifampicin/inference/07_tb_rifampicin_binary_logistic/fitted_model/depruned_variant_effects.csv
  Loaded 75272 (variant, cutpoint) rows from variant_effects — 1 cutpoint(s)
  128 variants with 89% CI excluding zero
Loading SNPEff annotations: /nfs/research/jlees/jacqueline/gwas_data/tuberculosis/genotype/snpEff/fields_filtered.txt
Loading genes_of_interest: /nfs/research/jlees/jacqueline/thesis_code/gwas_genesofinterest/tb_rifampicin_genesofinterest.txt
Region: ?:3872960-3882960  |  Lead variant: 64947 (pos 3877960, cutpoint 1)
  158 (variant, cutpoint) rows in region — 158 distinct variants
Computing r² from genotype matrix: /nfs/research/jlees/jacqueline/thesis_results/gwas_tb_rifampicin/inference/07_tb_rifampicin_binary_logistic/cppRATE_matrices/design_matrix.csv
  r² range (per variant): 0.000 – 1.000 (median 0.000)
Parsing GFF3: /nfs/research/jlees/jacqueline/thesis_results/locus_zoom/mtuberculosis/reference/tb_ref_NC_000962.3.gff3
  Auto-detected seqname from GFF: NC_000962.3
  13 genes in region
Building plot...
Saving labeled plot to:   /nfs/research/jlees/jacqueline/thesis_results/locus_zoom/mtuberculosis/plots/07_tb_rifampicin_binary_logistic_genes_top3/rpoA_abs_median.png
Saving unlabeled plot to: /nfs/research/jlees/jacqueline/thesis_results/locus_zoom/mtuberculosis/plots/07_tb_rifampicin_binary_logistic_genes_top3/rpoA_abs_median_nolabels.png
Done.
Loading positions: /nfs/research/jlees/jacqueline/thesis_results/gwas_datasets/inference/07_tb_rifampicin_binary/07_tb_rifampicin_binary_variant_index.csv
  Loaded 75272 variant positions
Loading variant effects: /nfs/research/jlees/jacqueline/thesis_results/gwas_tb_rifampicin/inference/07_tb_rifampicin_binary_logistic/fitted_model/depruned_variant_effects.csv
  Loaded 75272 (variant, cutpoint) rows from variant_effects — 1 cutpoint(s)
  128 variants with 89% CI excluding zero
Loading SNPEff annotations: /nfs/research/jlees/jacqueline/gwas_data/tuberculosis/genotype/snpEff/fields_filtered.txt
Loading genes_of_interest: /nfs/research/jlees/jacqueline/thesis_code/gwas_genesofinterest/tb_rifampicin_genesofinterest.txt
Region: ?:756094-766094  |  Lead variant: 12517 (pos 761094, cutpoint 1)
  199 (variant, cutpoint) rows in region — 199 distinct variants
Computing r² from genotype matrix: /nfs/research/jlees/jacqueline/thesis_results/gwas_tb_rifampicin/inference/07_tb_rifampicin_binary_logistic/cppRATE_matrices/design_matrix.csv
  r² range (per variant): 0.000 – 1.000 (median 0.000)
Parsing GFF3: /nfs/research/jlees/jacqueline/thesis_results/locus_zoom/mtuberculosis/reference/tb_ref_NC_000962.3.gff3
  Auto-detected seqname from GFF: NC_000962.3
  6 genes in region
Building plot...
Saving labeled plot to:   /nfs/research/jlees/jacqueline/thesis_results/locus_zoom/mtuberculosis/plots/07_tb_rifampicin_binary_logistic_genes_top3/rpoB_abs_median.png
Saving unlabeled plot to: /nfs/research/jlees/jacqueline/thesis_results/locus_zoom/mtuberculosis/plots/07_tb_rifampicin_binary_logistic_genes_top3/rpoB_abs_median_nolabels.png
Done.
Loading positions: /nfs/research/jlees/jacqueline/thesis_results/gwas_datasets/inference/07_tb_rifampicin_binary/07_tb_rifampicin_binary_variant_index.csv
  Loaded 75272 variant positions
Loading variant effects: /nfs/research/jlees/jacqueline/thesis_results/gwas_tb_rifampicin/inference/07_tb_rifampicin_binary_logistic/fitted_model/depruned_variant_effects.csv
  Loaded 75272 (variant, cutpoint) rows from variant_effects — 1 cutpoint(s)
  128 variants with 89% CI excluding zero
Loading SNPEff annotations: /nfs/research/jlees/jacqueline/gwas_data/tuberculosis/genotype/snpEff/fields_filtered.txt
Loading genes_of_interest: /nfs/research/jlees/jacqueline/thesis_code/gwas_genesofinterest/tb_rifampicin_genesofinterest.txt
Region: ?:756094-766094  |  Lead variant: 12517 (pos 761094, cutpoint 1)
  199 (variant, cutpoint) rows in region — 199 distinct variants
Computing r² from genotype matrix: /nfs/research/jlees/jacqueline/thesis_results/gwas_tb_rifampicin/inference/07_tb_rifampicin_binary_logistic/cppRATE_matrices/design_matrix.csv
  r² range (per variant): 0.000 – 1.000 (median 0.000)
Parsing GFF3: /nfs/research/jlees/jacqueline/thesis_results/locus_zoom/mtuberculosis/reference/tb_ref_NC_000962.3.gff3
  Auto-detected seqname from GFF: NC_000962.3
  6 genes in region
Building plot...
Saving labeled plot to:   /nfs/research/jlees/jacqueline/thesis_results/locus_zoom/mtuberculosis/plots/07_tb_rifampicin_binary_logistic_genes_top3/rpoC_abs_median.png
Saving unlabeled plot to: /nfs/research/jlees/jacqueline/thesis_results/locus_zoom/mtuberculosis/plots/07_tb_rifampicin_binary_logistic_genes_top3/rpoC_abs_median_nolabels.png
Done.
Loading positions: /nfs/research/jlees/jacqueline/thesis_results/gwas_datasets/inference/07_tb_rifampicin_binary/07_tb_rifampicin_binary_variant_index.csv
Loading variant effects: /nfs/research/jlees/jacqueline/thesis_results/gwas_tb_rifampicin/inference/07_tb_rifampicin_binary_logistic/fitted_model/depruned_variant_effects.csv
Parsing GFF: /nfs/research/jlees/jacqueline/thesis_results/locus_zoom/mtuberculosis/reference/tb_ref_NC_000962.3.gff3
Wrote 3 rows to /nfs/research/jlees/jacqueline/thesis_results/locus_zoom/mtuberculosis/plots/07_tb_rifampicin_binary_logistic_genes_top3/lead_variants_exp_abs_median.tsv
Loading positions: /nfs/research/jlees/jacqueline/thesis_results/gwas_datasets/inference/07_tb_rifampicin_binary/07_tb_rifampicin_binary_variant_index.csv
  Loaded 75272 variant positions
Loading variant effects: /nfs/research/jlees/jacqueline/thesis_results/gwas_tb_rifampicin/inference/07_tb_rifampicin_binary_logistic/fitted_model/depruned_variant_effects.csv
  Loaded 75272 (variant, cutpoint) rows from variant_effects — 1 cutpoint(s)
  128 variants with 89% CI excluding zero
Loading SNPEff annotations: /nfs/research/jlees/jacqueline/gwas_data/tuberculosis/genotype/snpEff/fields_filtered.txt
Loading genes_of_interest: /nfs/research/jlees/jacqueline/thesis_code/gwas_genesofinterest/tb_rifampicin_genesofinterest.txt
Region: ?:3872960-3882960  |  Lead variant: 64947 (pos 3877960, cutpoint 1)
  158 (variant, cutpoint) rows in region — 158 distinct variants
Computing r² from genotype matrix: /nfs/research/jlees/jacqueline/thesis_results/gwas_tb_rifampicin/inference/07_tb_rifampicin_binary_logistic/cppRATE_matrices/design_matrix.csv
  r² range (per variant): 0.000 – 1.000 (median 0.000)
Parsing GFF3: /nfs/research/jlees/jacqueline/thesis_results/locus_zoom/mtuberculosis/reference/tb_ref_NC_000962.3.gff3
  Auto-detected seqname from GFF: NC_000962.3
  13 genes in region
Building plot...
Saving labeled plot to:   /nfs/research/jlees/jacqueline/thesis_results/locus_zoom/mtuberculosis/plots/07_tb_rifampicin_binary_logistic_genes_top3/rpoA_exp_abs_median.png
Saving unlabeled plot to: /nfs/research/jlees/jacqueline/thesis_results/locus_zoom/mtuberculosis/plots/07_tb_rifampicin_binary_logistic_genes_top3/rpoA_exp_abs_median_nolabels.png
Done.
Loading positions: /nfs/research/jlees/jacqueline/thesis_results/gwas_datasets/inference/07_tb_rifampicin_binary/07_tb_rifampicin_binary_variant_index.csv
  Loaded 75272 variant positions
Loading variant effects: /nfs/research/jlees/jacqueline/thesis_results/gwas_tb_rifampicin/inference/07_tb_rifampicin_binary_logistic/fitted_model/depruned_variant_effects.csv
  Loaded 75272 (variant, cutpoint) rows from variant_effects — 1 cutpoint(s)
  128 variants with 89% CI excluding zero
Loading SNPEff annotations: /nfs/research/jlees/jacqueline/gwas_data/tuberculosis/genotype/snpEff/fields_filtered.txt
Loading genes_of_interest: /nfs/research/jlees/jacqueline/thesis_code/gwas_genesofinterest/tb_rifampicin_genesofinterest.txt
Region: ?:756094-766094  |  Lead variant: 12517 (pos 761094, cutpoint 1)
  199 (variant, cutpoint) rows in region — 199 distinct variants
Computing r² from genotype matrix: /nfs/research/jlees/jacqueline/thesis_results/gwas_tb_rifampicin/inference/07_tb_rifampicin_binary_logistic/cppRATE_matrices/design_matrix.csv
  r² range (per variant): 0.000 – 1.000 (median 0.000)
Parsing GFF3: /nfs/research/jlees/jacqueline/thesis_results/locus_zoom/mtuberculosis/reference/tb_ref_NC_000962.3.gff3
  Auto-detected seqname from GFF: NC_000962.3
  6 genes in region
Building plot...
Saving labeled plot to:   /nfs/research/jlees/jacqueline/thesis_results/locus_zoom/mtuberculosis/plots/07_tb_rifampicin_binary_logistic_genes_top3/rpoB_exp_abs_median.png
Saving unlabeled plot to: /nfs/research/jlees/jacqueline/thesis_results/locus_zoom/mtuberculosis/plots/07_tb_rifampicin_binary_logistic_genes_top3/rpoB_exp_abs_median_nolabels.png
Done.
Loading positions: /nfs/research/jlees/jacqueline/thesis_results/gwas_datasets/inference/07_tb_rifampicin_binary/07_tb_rifampicin_binary_variant_index.csv
  Loaded 75272 variant positions
Loading variant effects: /nfs/research/jlees/jacqueline/thesis_results/gwas_tb_rifampicin/inference/07_tb_rifampicin_binary_logistic/fitted_model/depruned_variant_effects.csv
  Loaded 75272 (variant, cutpoint) rows from variant_effects — 1 cutpoint(s)
  128 variants with 89% CI excluding zero
Loading SNPEff annotations: /nfs/research/jlees/jacqueline/gwas_data/tuberculosis/genotype/snpEff/fields_filtered.txt
Loading genes_of_interest: /nfs/research/jlees/jacqueline/thesis_code/gwas_genesofinterest/tb_rifampicin_genesofinterest.txt
Region: ?:756094-766094  |  Lead variant: 12517 (pos 761094, cutpoint 1)
  199 (variant, cutpoint) rows in region — 199 distinct variants
Computing r² from genotype matrix: /nfs/research/jlees/jacqueline/thesis_results/gwas_tb_rifampicin/inference/07_tb_rifampicin_binary_logistic/cppRATE_matrices/design_matrix.csv
  r² range (per variant): 0.000 – 1.000 (median 0.000)
Parsing GFF3: /nfs/research/jlees/jacqueline/thesis_results/locus_zoom/mtuberculosis/reference/tb_ref_NC_000962.3.gff3
  Auto-detected seqname from GFF: NC_000962.3
  6 genes in region
Building plot...
Saving labeled plot to:   /nfs/research/jlees/jacqueline/thesis_results/locus_zoom/mtuberculosis/plots/07_tb_rifampicin_binary_logistic_genes_top3/rpoC_exp_abs_median.png
Saving unlabeled plot to: /nfs/research/jlees/jacqueline/thesis_results/locus_zoom/mtuberculosis/plots/07_tb_rifampicin_binary_logistic_genes_top3/rpoC_exp_abs_median_nolabels.png
Done.
