
============================================================
=== Metric: rate
============================================================
--- Identifying lead variants per gene ---
     gene lead_variant lead_pos lead_cutpoint lead_metric lead_metric_value
   <char>        <int>    <int>         <int>      <char>             <num>
1:   pbpX         4755   294433             5        rate        0.01842550
2:  pbp1A         5844   332973             5        rate        0.00581888
3:  pbp1B        30569  2087154             1        rate        0.00620853
4:  pbp2A        29229  1982430             1        rate        0.00101655
5:   penA        24272  1614704             6        rate        0.23585400
--- pbpX: lead variant 4755 at 294433 bp (cutpoint 5, rate=0.0184255) ---
--- pbp1A: lead variant 5844 at 332973 bp (cutpoint 5, rate=0.00581888) ---
--- pbp1B: lead variant 30569 at 2087154 bp (cutpoint 1, rate=0.00620853) ---
--- pbp2A: lead variant 29229 at 1982430 bp (cutpoint 1, rate=0.00101655) ---
--- penA: lead variant 24272 at 1614704 bp (cutpoint 6, rate=0.235854) ---

============================================================
=== Metric: abs_median
============================================================
--- Identifying lead variants per gene ---
     gene lead_variant lead_pos lead_cutpoint lead_metric lead_metric_value
   <char>        <int>    <int>         <int>      <char>             <num>
1:   pbpX         4769   294613             4  abs_median       0.079620652
2:  pbp1A         5848   333282             5  abs_median       0.009470140
3:  pbp1B        30164  2047005             6  abs_median       0.001128371
4:  pbp2A        28754  1952499             7  abs_median       0.001816080
5:   penA        24226  1613379             5  abs_median       0.049487085
--- pbpX: lead variant 4769 at 294613 bp (cutpoint 4, abs_median=0.0796206525) ---
--- pbp1A: lead variant 5848 at 333282 bp (cutpoint 5, abs_median=0.00947014025) ---
--- pbp1B: lead variant 30164 at 2047005 bp (cutpoint 6, abs_median=0.00112837115) ---
--- pbp2A: lead variant 28754 at 1952499 bp (cutpoint 7, abs_median=0.00181608) ---
--- penA: lead variant 24226 at 1613379 bp (cutpoint 5, abs_median=0.0494870855) ---

============================================================
=== Metric: exp_abs_median
============================================================
--- Identifying lead variants per gene ---
     gene lead_variant lead_pos lead_cutpoint    lead_metric lead_metric_value
   <char>        <int>    <int>         <int>         <char>             <num>
1:   pbpX         4769   294613             4 exp_abs_median          1.082876
2:  pbp1A         5848   333282             5 exp_abs_median          1.009515
3:  pbp1B        30164  2047005             6 exp_abs_median          1.001129
4:  pbp2A        28754  1952499             7 exp_abs_median          1.001818
5:   penA        24226  1613379             5 exp_abs_median          1.050732
--- pbpX: lead variant 4769 at 294613 bp (cutpoint 4, exp_abs_median=1.08287620336915) ---
--- pbp1A: lead variant 5848 at 333282 bp (cutpoint 5, exp_abs_median=1.00951512391659) ---
--- pbp1B: lead variant 30164 at 2047005 bp (cutpoint 6, exp_abs_median=1.00112900800024) ---
--- pbp2A: lead variant 28754 at 1952499 bp (cutpoint 7, exp_abs_median=1.00181773007202) ---
--- penA: lead variant 24226 at 1613379 bp (cutpoint 5, exp_abs_median=1.0507320224485) ---

=== Renaming PNGs to display names from /nfs/research/jlees/jacqueline/thesis_code/gwas_genesofinterest/spn_penicillin_genesofinterest.txt ===
  rename pbpX_abs_median_nolabels.png -> pbp2X_abs_median_nolabels.png
  rename pbpX_abs_median.png -> pbp2X_abs_median.png
  rename pbpX_exp_abs_median_nolabels.png -> pbp2X_exp_abs_median_nolabels.png
  rename pbpX_exp_abs_median.png -> pbp2X_exp_abs_median.png
  rename pbpX_rate_nolabels.png -> pbp2X_rate_nolabels.png
  rename pbpX_rate.png -> pbp2X_rate.png
  rename pbp1A_abs_median_nolabels.png -> pbp1a_abs_median_nolabels.png
  rename pbp1A_abs_median.png -> pbp1a_abs_median.png
  rename pbp1A_exp_abs_median_nolabels.png -> pbp1a_exp_abs_median_nolabels.png
  rename pbp1A_exp_abs_median.png -> pbp1a_exp_abs_median.png
  rename pbp1A_rate_nolabels.png -> pbp1a_rate_nolabels.png
  rename pbp1A_rate.png -> pbp1a_rate.png
  rename pbp1B_abs_median_nolabels.png -> pbp1b_abs_median_nolabels.png
  rename pbp1B_abs_median.png -> pbp1b_abs_median.png
  rename pbp1B_exp_abs_median_nolabels.png -> pbp1b_exp_abs_median_nolabels.png
  rename pbp1B_exp_abs_median.png -> pbp1b_exp_abs_median.png
  rename pbp1B_rate_nolabels.png -> pbp1b_rate_nolabels.png
  rename pbp1B_rate.png -> pbp1b_rate.png
  rename pbp2A_abs_median_nolabels.png -> pbp2a_abs_median_nolabels.png
  rename pbp2A_abs_median.png -> pbp2a_abs_median.png
  rename pbp2A_exp_abs_median_nolabels.png -> pbp2a_exp_abs_median_nolabels.png
  rename pbp2A_exp_abs_median.png -> pbp2a_exp_abs_median.png
  rename pbp2A_rate_nolabels.png -> pbp2a_rate_nolabels.png
  rename pbp2A_rate.png -> pbp2a_rate.png
  rename penA_abs_median_nolabels.png -> pbp2b_abs_median_nolabels.png
  rename penA_abs_median.png -> pbp2b_abs_median.png
  rename penA_exp_abs_median_nolabels.png -> pbp2b_exp_abs_median_nolabels.png
  rename penA_exp_abs_median.png -> pbp2b_exp_abs_median.png
  rename penA_rate_nolabels.png -> pbp2b_rate_nolabels.png
  rename penA_rate.png -> pbp2b_rate.png

Done. Plots written to: /nfs/research/jlees/jacqueline/thesis_results/locus_zoom/spneumoniae/plots/02_spn_penicillin_MIC_PPOM_pbp_top5
