Loading positions: /nfs/research/jlees/jacqueline/thesis_results/gwas_datasets/inference/02_spn_penicillin_MIC/02_spn_penicillin_MIC_variant_index.csv
Loading RATE values from 7 file(s)
Parsing GFF: /nfs/research/jlees/jacqueline/thesis_results/locus_zoom/spneumoniae/reference/GCA_000026665.1_ASM2666v1_genomic.gff
Wrote 5 rows to /nfs/research/jlees/jacqueline/thesis_results/locus_zoom/spneumoniae/plots/02_spn_penicillin_MIC_PPOM_pbp_top5/lead_variants_rate.tsv
Loading positions: /nfs/research/jlees/jacqueline/thesis_results/gwas_datasets/inference/02_spn_penicillin_MIC/02_spn_penicillin_MIC_variant_index.csv
  Loaded 32406 variant positions
  Loaded RATE values for 7 cutpoint(s): 1, 2, 3, 4, 5, 6, 7
  9 variants with 89% CI excluding zero
Loading SNPEff annotations: /nfs/research/jlees/jacqueline/gwas_data/spn_pneumo/genotype/fields_filtered_maf05_multiallelic.txt
Loading genes_of_interest: /nfs/research/jlees/jacqueline/thesis_code/gwas_genesofinterest/spn_penicillin_genesofinterest.txt
Loading genes_of_interest_gff: /nfs/research/jlees/jacqueline/thesis_code/gwas_genesofinterest/spn_penicillin_genesofinterest.txt
Region: ?:289433-299433  |  Lead variant: 4755 (pos 294433, cutpoint 5)
  2275 (variant, cutpoint) rows in region — 325 distinct variants
Computing r² from genotype matrix: /nfs/research/jlees/jacqueline/thesis_results/gwas_spn_penicillin/inference/02_spn_penicillin_MIC_PPOM/cppRATE_matrices/design_matrix.csv
  r² range (per variant): 0.000 – 1.000 (median 0.136)
Parsing GFF3: /nfs/research/jlees/jacqueline/thesis_results/locus_zoom/spneumoniae/reference/GCA_000026665.1_ASM2666v1_genomic.gff
  Auto-detected seqname from GFF: FM211187.1
  12 genes in region
Building plot...
Saving labeled plot to:   /nfs/research/jlees/jacqueline/thesis_results/locus_zoom/spneumoniae/plots/02_spn_penicillin_MIC_PPOM_pbp_top5/pbpX_rate.png
Saving unlabeled plot to: /nfs/research/jlees/jacqueline/thesis_results/locus_zoom/spneumoniae/plots/02_spn_penicillin_MIC_PPOM_pbp_top5/pbpX_rate_nolabels.png
Done.
Loading positions: /nfs/research/jlees/jacqueline/thesis_results/gwas_datasets/inference/02_spn_penicillin_MIC/02_spn_penicillin_MIC_variant_index.csv
  Loaded 32406 variant positions
  Loaded RATE values for 7 cutpoint(s): 1, 2, 3, 4, 5, 6, 7
  9 variants with 89% CI excluding zero
Loading SNPEff annotations: /nfs/research/jlees/jacqueline/gwas_data/spn_pneumo/genotype/fields_filtered_maf05_multiallelic.txt
Loading genes_of_interest: /nfs/research/jlees/jacqueline/thesis_code/gwas_genesofinterest/spn_penicillin_genesofinterest.txt
Loading genes_of_interest_gff: /nfs/research/jlees/jacqueline/thesis_code/gwas_genesofinterest/spn_penicillin_genesofinterest.txt
Region: ?:327973-337973  |  Lead variant: 5844 (pos 332973, cutpoint 5)
  2121 (variant, cutpoint) rows in region — 303 distinct variants
Computing r² from genotype matrix: /nfs/research/jlees/jacqueline/thesis_results/gwas_spn_penicillin/inference/02_spn_penicillin_MIC_PPOM/cppRATE_matrices/design_matrix.csv
  r² range (per variant): 0.000 – 1.000 (median 0.040)
Parsing GFF3: /nfs/research/jlees/jacqueline/thesis_results/locus_zoom/spneumoniae/reference/GCA_000026665.1_ASM2666v1_genomic.gff
  Auto-detected seqname from GFF: FM211187.1
  7 genes in region
Building plot...
Saving labeled plot to:   /nfs/research/jlees/jacqueline/thesis_results/locus_zoom/spneumoniae/plots/02_spn_penicillin_MIC_PPOM_pbp_top5/pbp1A_rate.png
Saving unlabeled plot to: /nfs/research/jlees/jacqueline/thesis_results/locus_zoom/spneumoniae/plots/02_spn_penicillin_MIC_PPOM_pbp_top5/pbp1A_rate_nolabels.png
Done.
Loading positions: /nfs/research/jlees/jacqueline/thesis_results/gwas_datasets/inference/02_spn_penicillin_MIC/02_spn_penicillin_MIC_variant_index.csv
  Loaded 32406 variant positions
  Loaded RATE values for 7 cutpoint(s): 1, 2, 3, 4, 5, 6, 7
  9 variants with 89% CI excluding zero
Loading SNPEff annotations: /nfs/research/jlees/jacqueline/gwas_data/spn_pneumo/genotype/fields_filtered_maf05_multiallelic.txt
Loading genes_of_interest: /nfs/research/jlees/jacqueline/thesis_code/gwas_genesofinterest/spn_penicillin_genesofinterest.txt
Loading genes_of_interest_gff: /nfs/research/jlees/jacqueline/thesis_code/gwas_genesofinterest/spn_penicillin_genesofinterest.txt
Region: ?:2082154-2092154  |  Lead variant: 30569 (pos 2087154, cutpoint 1)
  1204 (variant, cutpoint) rows in region — 172 distinct variants
Computing r² from genotype matrix: /nfs/research/jlees/jacqueline/thesis_results/gwas_spn_penicillin/inference/02_spn_penicillin_MIC_PPOM/cppRATE_matrices/design_matrix.csv
  r² range (per variant): 0.000 – 1.000 (median 0.008)
Parsing GFF3: /nfs/research/jlees/jacqueline/thesis_results/locus_zoom/spneumoniae/reference/GCA_000026665.1_ASM2666v1_genomic.gff
  Auto-detected seqname from GFF: FM211187.1
  14 genes in region
Building plot...
Saving labeled plot to:   /nfs/research/jlees/jacqueline/thesis_results/locus_zoom/spneumoniae/plots/02_spn_penicillin_MIC_PPOM_pbp_top5/pbp1B_rate.png
Saving unlabeled plot to: /nfs/research/jlees/jacqueline/thesis_results/locus_zoom/spneumoniae/plots/02_spn_penicillin_MIC_PPOM_pbp_top5/pbp1B_rate_nolabels.png
Done.
Loading positions: /nfs/research/jlees/jacqueline/thesis_results/gwas_datasets/inference/02_spn_penicillin_MIC/02_spn_penicillin_MIC_variant_index.csv
  Loaded 32406 variant positions
  Loaded RATE values for 7 cutpoint(s): 1, 2, 3, 4, 5, 6, 7
  9 variants with 89% CI excluding zero
Loading SNPEff annotations: /nfs/research/jlees/jacqueline/gwas_data/spn_pneumo/genotype/fields_filtered_maf05_multiallelic.txt
Loading genes_of_interest: /nfs/research/jlees/jacqueline/thesis_code/gwas_genesofinterest/spn_penicillin_genesofinterest.txt
Loading genes_of_interest_gff: /nfs/research/jlees/jacqueline/thesis_code/gwas_genesofinterest/spn_penicillin_genesofinterest.txt
Region: ?:1977430-1987430  |  Lead variant: 29229 (pos 1982430, cutpoint 1)
  665 (variant, cutpoint) rows in region — 95 distinct variants
Computing r² from genotype matrix: /nfs/research/jlees/jacqueline/thesis_results/gwas_spn_penicillin/inference/02_spn_penicillin_MIC_PPOM/cppRATE_matrices/design_matrix.csv
  r² range (per variant): 0.000 – 1.000 (median 0.072)
Parsing GFF3: /nfs/research/jlees/jacqueline/thesis_results/locus_zoom/spneumoniae/reference/GCA_000026665.1_ASM2666v1_genomic.gff
  Auto-detected seqname from GFF: FM211187.1
  11 genes in region
Building plot...
Saving labeled plot to:   /nfs/research/jlees/jacqueline/thesis_results/locus_zoom/spneumoniae/plots/02_spn_penicillin_MIC_PPOM_pbp_top5/pbp2A_rate.png
Saving unlabeled plot to: /nfs/research/jlees/jacqueline/thesis_results/locus_zoom/spneumoniae/plots/02_spn_penicillin_MIC_PPOM_pbp_top5/pbp2A_rate_nolabels.png
Done.
Loading positions: /nfs/research/jlees/jacqueline/thesis_results/gwas_datasets/inference/02_spn_penicillin_MIC/02_spn_penicillin_MIC_variant_index.csv
  Loaded 32406 variant positions
  Loaded RATE values for 7 cutpoint(s): 1, 2, 3, 4, 5, 6, 7
  9 variants with 89% CI excluding zero
Loading SNPEff annotations: /nfs/research/jlees/jacqueline/gwas_data/spn_pneumo/genotype/fields_filtered_maf05_multiallelic.txt
Loading genes_of_interest: /nfs/research/jlees/jacqueline/thesis_code/gwas_genesofinterest/spn_penicillin_genesofinterest.txt
Loading genes_of_interest_gff: /nfs/research/jlees/jacqueline/thesis_code/gwas_genesofinterest/spn_penicillin_genesofinterest.txt
Region: ?:1609704-1619704  |  Lead variant: 24272 (pos 1614704, cutpoint 6)
  3304 (variant, cutpoint) rows in region — 472 distinct variants
Computing r² from genotype matrix: /nfs/research/jlees/jacqueline/thesis_results/gwas_spn_penicillin/inference/02_spn_penicillin_MIC_PPOM/cppRATE_matrices/design_matrix.csv
  r² range (per variant): 0.000 – 1.000 (median 0.013)
Parsing GFF3: /nfs/research/jlees/jacqueline/thesis_results/locus_zoom/spneumoniae/reference/GCA_000026665.1_ASM2666v1_genomic.gff
  Auto-detected seqname from GFF: FM211187.1
  11 genes in region
Building plot...
Saving labeled plot to:   /nfs/research/jlees/jacqueline/thesis_results/locus_zoom/spneumoniae/plots/02_spn_penicillin_MIC_PPOM_pbp_top5/penA_rate.png
Saving unlabeled plot to: /nfs/research/jlees/jacqueline/thesis_results/locus_zoom/spneumoniae/plots/02_spn_penicillin_MIC_PPOM_pbp_top5/penA_rate_nolabels.png
Done.
Loading positions: /nfs/research/jlees/jacqueline/thesis_results/gwas_datasets/inference/02_spn_penicillin_MIC/02_spn_penicillin_MIC_variant_index.csv
Loading variant effects: /nfs/research/jlees/jacqueline/thesis_results/gwas_spn_penicillin/inference/02_spn_penicillin_MIC_PPOM/fitted_model/depruned_variant_effects.csv
Parsing GFF: /nfs/research/jlees/jacqueline/thesis_results/locus_zoom/spneumoniae/reference/GCA_000026665.1_ASM2666v1_genomic.gff
Wrote 5 rows to /nfs/research/jlees/jacqueline/thesis_results/locus_zoom/spneumoniae/plots/02_spn_penicillin_MIC_PPOM_pbp_top5/lead_variants_abs_median.tsv
Loading positions: /nfs/research/jlees/jacqueline/thesis_results/gwas_datasets/inference/02_spn_penicillin_MIC/02_spn_penicillin_MIC_variant_index.csv
  Loaded 32406 variant positions
Loading variant effects: /nfs/research/jlees/jacqueline/thesis_results/gwas_spn_penicillin/inference/02_spn_penicillin_MIC_PPOM/fitted_model/depruned_variant_effects.csv
  Loaded 226842 (variant, cutpoint) rows from variant_effects — 7 cutpoint(s)
  9 variants with 89% CI excluding zero
Loading SNPEff annotations: /nfs/research/jlees/jacqueline/gwas_data/spn_pneumo/genotype/fields_filtered_maf05_multiallelic.txt
Loading genes_of_interest: /nfs/research/jlees/jacqueline/thesis_code/gwas_genesofinterest/spn_penicillin_genesofinterest.txt
Loading genes_of_interest_gff: /nfs/research/jlees/jacqueline/thesis_code/gwas_genesofinterest/spn_penicillin_genesofinterest.txt
Region: ?:289613-299613  |  Lead variant: 4769 (pos 294613, cutpoint 4)
  2317 (variant, cutpoint) rows in region — 331 distinct variants
Computing r² from genotype matrix: /nfs/research/jlees/jacqueline/thesis_results/gwas_spn_penicillin/inference/02_spn_penicillin_MIC_PPOM/cppRATE_matrices/design_matrix.csv
  r² range (per variant): 0.000 – 1.000 (median 0.009)
Parsing GFF3: /nfs/research/jlees/jacqueline/thesis_results/locus_zoom/spneumoniae/reference/GCA_000026665.1_ASM2666v1_genomic.gff
  Auto-detected seqname from GFF: FM211187.1
  11 genes in region
Building plot...
Saving labeled plot to:   /nfs/research/jlees/jacqueline/thesis_results/locus_zoom/spneumoniae/plots/02_spn_penicillin_MIC_PPOM_pbp_top5/pbpX_abs_median.png
Saving unlabeled plot to: /nfs/research/jlees/jacqueline/thesis_results/locus_zoom/spneumoniae/plots/02_spn_penicillin_MIC_PPOM_pbp_top5/pbpX_abs_median_nolabels.png
Done.
Loading positions: /nfs/research/jlees/jacqueline/thesis_results/gwas_datasets/inference/02_spn_penicillin_MIC/02_spn_penicillin_MIC_variant_index.csv
  Loaded 32406 variant positions
Loading variant effects: /nfs/research/jlees/jacqueline/thesis_results/gwas_spn_penicillin/inference/02_spn_penicillin_MIC_PPOM/fitted_model/depruned_variant_effects.csv
  Loaded 226842 (variant, cutpoint) rows from variant_effects — 7 cutpoint(s)
  9 variants with 89% CI excluding zero
Loading SNPEff annotations: /nfs/research/jlees/jacqueline/gwas_data/spn_pneumo/genotype/fields_filtered_maf05_multiallelic.txt
Loading genes_of_interest: /nfs/research/jlees/jacqueline/thesis_code/gwas_genesofinterest/spn_penicillin_genesofinterest.txt
Loading genes_of_interest_gff: /nfs/research/jlees/jacqueline/thesis_code/gwas_genesofinterest/spn_penicillin_genesofinterest.txt
Region: ?:328282-338282  |  Lead variant: 5848 (pos 333282, cutpoint 5)
  2128 (variant, cutpoint) rows in region — 304 distinct variants
Computing r² from genotype matrix: /nfs/research/jlees/jacqueline/thesis_results/gwas_spn_penicillin/inference/02_spn_penicillin_MIC_PPOM/cppRATE_matrices/design_matrix.csv
  r² range (per variant): 0.000 – 1.000 (median 0.037)
Parsing GFF3: /nfs/research/jlees/jacqueline/thesis_results/locus_zoom/spneumoniae/reference/GCA_000026665.1_ASM2666v1_genomic.gff
  Auto-detected seqname from GFF: FM211187.1
  7 genes in region
Building plot...
Saving labeled plot to:   /nfs/research/jlees/jacqueline/thesis_results/locus_zoom/spneumoniae/plots/02_spn_penicillin_MIC_PPOM_pbp_top5/pbp1A_abs_median.png
Saving unlabeled plot to: /nfs/research/jlees/jacqueline/thesis_results/locus_zoom/spneumoniae/plots/02_spn_penicillin_MIC_PPOM_pbp_top5/pbp1A_abs_median_nolabels.png
Done.
Loading positions: /nfs/research/jlees/jacqueline/thesis_results/gwas_datasets/inference/02_spn_penicillin_MIC/02_spn_penicillin_MIC_variant_index.csv
  Loaded 32406 variant positions
Loading variant effects: /nfs/research/jlees/jacqueline/thesis_results/gwas_spn_penicillin/inference/02_spn_penicillin_MIC_PPOM/fitted_model/depruned_variant_effects.csv
  Loaded 226842 (variant, cutpoint) rows from variant_effects — 7 cutpoint(s)
  9 variants with 89% CI excluding zero
Loading SNPEff annotations: /nfs/research/jlees/jacqueline/gwas_data/spn_pneumo/genotype/fields_filtered_maf05_multiallelic.txt
Loading genes_of_interest: /nfs/research/jlees/jacqueline/thesis_code/gwas_genesofinterest/spn_penicillin_genesofinterest.txt
Loading genes_of_interest_gff: /nfs/research/jlees/jacqueline/thesis_code/gwas_genesofinterest/spn_penicillin_genesofinterest.txt
Region: ?:2042005-2052005  |  Lead variant: 30164 (pos 2047005, cutpoint 6)
  1400 (variant, cutpoint) rows in region — 200 distinct variants
Computing r² from genotype matrix: /nfs/research/jlees/jacqueline/thesis_results/gwas_spn_penicillin/inference/02_spn_penicillin_MIC_PPOM/cppRATE_matrices/design_matrix.csv
  r² range (per variant): 0.001 – 1.000 (median 0.928)
Parsing GFF3: /nfs/research/jlees/jacqueline/thesis_results/locus_zoom/spneumoniae/reference/GCA_000026665.1_ASM2666v1_genomic.gff
  Auto-detected seqname from GFF: FM211187.1
  9 genes in region
Building plot...
Saving labeled plot to:   /nfs/research/jlees/jacqueline/thesis_results/locus_zoom/spneumoniae/plots/02_spn_penicillin_MIC_PPOM_pbp_top5/pbp1B_abs_median.png
Saving unlabeled plot to: /nfs/research/jlees/jacqueline/thesis_results/locus_zoom/spneumoniae/plots/02_spn_penicillin_MIC_PPOM_pbp_top5/pbp1B_abs_median_nolabels.png
Done.
Loading positions: /nfs/research/jlees/jacqueline/thesis_results/gwas_datasets/inference/02_spn_penicillin_MIC/02_spn_penicillin_MIC_variant_index.csv
  Loaded 32406 variant positions
Loading variant effects: /nfs/research/jlees/jacqueline/thesis_results/gwas_spn_penicillin/inference/02_spn_penicillin_MIC_PPOM/fitted_model/depruned_variant_effects.csv
  Loaded 226842 (variant, cutpoint) rows from variant_effects — 7 cutpoint(s)
  9 variants with 89% CI excluding zero
Loading SNPEff annotations: /nfs/research/jlees/jacqueline/gwas_data/spn_pneumo/genotype/fields_filtered_maf05_multiallelic.txt
Loading genes_of_interest: /nfs/research/jlees/jacqueline/thesis_code/gwas_genesofinterest/spn_penicillin_genesofinterest.txt
Loading genes_of_interest_gff: /nfs/research/jlees/jacqueline/thesis_code/gwas_genesofinterest/spn_penicillin_genesofinterest.txt
Region: ?:1947499-1957499  |  Lead variant: 28754 (pos 1952499, cutpoint 7)
  833 (variant, cutpoint) rows in region — 119 distinct variants
Computing r² from genotype matrix: /nfs/research/jlees/jacqueline/thesis_results/gwas_spn_penicillin/inference/02_spn_penicillin_MIC_PPOM/cppRATE_matrices/design_matrix.csv
  r² range (per variant): 0.000 – 1.000 (median 0.002)
Parsing GFF3: /nfs/research/jlees/jacqueline/thesis_results/locus_zoom/spneumoniae/reference/GCA_000026665.1_ASM2666v1_genomic.gff
  Auto-detected seqname from GFF: FM211187.1
  12 genes in region
Building plot...
Saving labeled plot to:   /nfs/research/jlees/jacqueline/thesis_results/locus_zoom/spneumoniae/plots/02_spn_penicillin_MIC_PPOM_pbp_top5/pbp2A_abs_median.png
Saving unlabeled plot to: /nfs/research/jlees/jacqueline/thesis_results/locus_zoom/spneumoniae/plots/02_spn_penicillin_MIC_PPOM_pbp_top5/pbp2A_abs_median_nolabels.png
Done.
Loading positions: /nfs/research/jlees/jacqueline/thesis_results/gwas_datasets/inference/02_spn_penicillin_MIC/02_spn_penicillin_MIC_variant_index.csv
  Loaded 32406 variant positions
Loading variant effects: /nfs/research/jlees/jacqueline/thesis_results/gwas_spn_penicillin/inference/02_spn_penicillin_MIC_PPOM/fitted_model/depruned_variant_effects.csv
  Loaded 226842 (variant, cutpoint) rows from variant_effects — 7 cutpoint(s)
  9 variants with 89% CI excluding zero
Loading SNPEff annotations: /nfs/research/jlees/jacqueline/gwas_data/spn_pneumo/genotype/fields_filtered_maf05_multiallelic.txt
Loading genes_of_interest: /nfs/research/jlees/jacqueline/thesis_code/gwas_genesofinterest/spn_penicillin_genesofinterest.txt
Loading genes_of_interest_gff: /nfs/research/jlees/jacqueline/thesis_code/gwas_genesofinterest/spn_penicillin_genesofinterest.txt
Region: ?:1608379-1618379  |  Lead variant: 24226 (pos 1613379, cutpoint 5)
  3717 (variant, cutpoint) rows in region — 531 distinct variants
Computing r² from genotype matrix: /nfs/research/jlees/jacqueline/thesis_results/gwas_spn_penicillin/inference/02_spn_penicillin_MIC_PPOM/cppRATE_matrices/design_matrix.csv
  r² range (per variant): 0.000 – 1.000 (median 0.079)
Parsing GFF3: /nfs/research/jlees/jacqueline/thesis_results/locus_zoom/spneumoniae/reference/GCA_000026665.1_ASM2666v1_genomic.gff
  Auto-detected seqname from GFF: FM211187.1
  10 genes in region
Building plot...
Saving labeled plot to:   /nfs/research/jlees/jacqueline/thesis_results/locus_zoom/spneumoniae/plots/02_spn_penicillin_MIC_PPOM_pbp_top5/penA_abs_median.png
Saving unlabeled plot to: /nfs/research/jlees/jacqueline/thesis_results/locus_zoom/spneumoniae/plots/02_spn_penicillin_MIC_PPOM_pbp_top5/penA_abs_median_nolabels.png
Done.
Loading positions: /nfs/research/jlees/jacqueline/thesis_results/gwas_datasets/inference/02_spn_penicillin_MIC/02_spn_penicillin_MIC_variant_index.csv
Loading variant effects: /nfs/research/jlees/jacqueline/thesis_results/gwas_spn_penicillin/inference/02_spn_penicillin_MIC_PPOM/fitted_model/depruned_variant_effects.csv
Parsing GFF: /nfs/research/jlees/jacqueline/thesis_results/locus_zoom/spneumoniae/reference/GCA_000026665.1_ASM2666v1_genomic.gff
Wrote 5 rows to /nfs/research/jlees/jacqueline/thesis_results/locus_zoom/spneumoniae/plots/02_spn_penicillin_MIC_PPOM_pbp_top5/lead_variants_exp_abs_median.tsv
Loading positions: /nfs/research/jlees/jacqueline/thesis_results/gwas_datasets/inference/02_spn_penicillin_MIC/02_spn_penicillin_MIC_variant_index.csv
  Loaded 32406 variant positions
Loading variant effects: /nfs/research/jlees/jacqueline/thesis_results/gwas_spn_penicillin/inference/02_spn_penicillin_MIC_PPOM/fitted_model/depruned_variant_effects.csv
  Loaded 226842 (variant, cutpoint) rows from variant_effects — 7 cutpoint(s)
  9 variants with 89% CI excluding zero
Loading SNPEff annotations: /nfs/research/jlees/jacqueline/gwas_data/spn_pneumo/genotype/fields_filtered_maf05_multiallelic.txt
Loading genes_of_interest: /nfs/research/jlees/jacqueline/thesis_code/gwas_genesofinterest/spn_penicillin_genesofinterest.txt
Loading genes_of_interest_gff: /nfs/research/jlees/jacqueline/thesis_code/gwas_genesofinterest/spn_penicillin_genesofinterest.txt
Region: ?:289613-299613  |  Lead variant: 4769 (pos 294613, cutpoint 4)
  2317 (variant, cutpoint) rows in region — 331 distinct variants
Computing r² from genotype matrix: /nfs/research/jlees/jacqueline/thesis_results/gwas_spn_penicillin/inference/02_spn_penicillin_MIC_PPOM/cppRATE_matrices/design_matrix.csv
  r² range (per variant): 0.000 – 1.000 (median 0.009)
Parsing GFF3: /nfs/research/jlees/jacqueline/thesis_results/locus_zoom/spneumoniae/reference/GCA_000026665.1_ASM2666v1_genomic.gff
  Auto-detected seqname from GFF: FM211187.1
  11 genes in region
Building plot...
Saving labeled plot to:   /nfs/research/jlees/jacqueline/thesis_results/locus_zoom/spneumoniae/plots/02_spn_penicillin_MIC_PPOM_pbp_top5/pbpX_exp_abs_median.png
Saving unlabeled plot to: /nfs/research/jlees/jacqueline/thesis_results/locus_zoom/spneumoniae/plots/02_spn_penicillin_MIC_PPOM_pbp_top5/pbpX_exp_abs_median_nolabels.png
Done.
Loading positions: /nfs/research/jlees/jacqueline/thesis_results/gwas_datasets/inference/02_spn_penicillin_MIC/02_spn_penicillin_MIC_variant_index.csv
  Loaded 32406 variant positions
Loading variant effects: /nfs/research/jlees/jacqueline/thesis_results/gwas_spn_penicillin/inference/02_spn_penicillin_MIC_PPOM/fitted_model/depruned_variant_effects.csv
  Loaded 226842 (variant, cutpoint) rows from variant_effects — 7 cutpoint(s)
  9 variants with 89% CI excluding zero
Loading SNPEff annotations: /nfs/research/jlees/jacqueline/gwas_data/spn_pneumo/genotype/fields_filtered_maf05_multiallelic.txt
Loading genes_of_interest: /nfs/research/jlees/jacqueline/thesis_code/gwas_genesofinterest/spn_penicillin_genesofinterest.txt
Loading genes_of_interest_gff: /nfs/research/jlees/jacqueline/thesis_code/gwas_genesofinterest/spn_penicillin_genesofinterest.txt
Region: ?:328282-338282  |  Lead variant: 5848 (pos 333282, cutpoint 5)
  2128 (variant, cutpoint) rows in region — 304 distinct variants
Computing r² from genotype matrix: /nfs/research/jlees/jacqueline/thesis_results/gwas_spn_penicillin/inference/02_spn_penicillin_MIC_PPOM/cppRATE_matrices/design_matrix.csv
  r² range (per variant): 0.000 – 1.000 (median 0.037)
Parsing GFF3: /nfs/research/jlees/jacqueline/thesis_results/locus_zoom/spneumoniae/reference/GCA_000026665.1_ASM2666v1_genomic.gff
  Auto-detected seqname from GFF: FM211187.1
  7 genes in region
Building plot...
Saving labeled plot to:   /nfs/research/jlees/jacqueline/thesis_results/locus_zoom/spneumoniae/plots/02_spn_penicillin_MIC_PPOM_pbp_top5/pbp1A_exp_abs_median.png
Saving unlabeled plot to: /nfs/research/jlees/jacqueline/thesis_results/locus_zoom/spneumoniae/plots/02_spn_penicillin_MIC_PPOM_pbp_top5/pbp1A_exp_abs_median_nolabels.png
Done.
Loading positions: /nfs/research/jlees/jacqueline/thesis_results/gwas_datasets/inference/02_spn_penicillin_MIC/02_spn_penicillin_MIC_variant_index.csv
  Loaded 32406 variant positions
Loading variant effects: /nfs/research/jlees/jacqueline/thesis_results/gwas_spn_penicillin/inference/02_spn_penicillin_MIC_PPOM/fitted_model/depruned_variant_effects.csv
  Loaded 226842 (variant, cutpoint) rows from variant_effects — 7 cutpoint(s)
  9 variants with 89% CI excluding zero
Loading SNPEff annotations: /nfs/research/jlees/jacqueline/gwas_data/spn_pneumo/genotype/fields_filtered_maf05_multiallelic.txt
Loading genes_of_interest: /nfs/research/jlees/jacqueline/thesis_code/gwas_genesofinterest/spn_penicillin_genesofinterest.txt
Loading genes_of_interest_gff: /nfs/research/jlees/jacqueline/thesis_code/gwas_genesofinterest/spn_penicillin_genesofinterest.txt
Region: ?:2042005-2052005  |  Lead variant: 30164 (pos 2047005, cutpoint 6)
  1400 (variant, cutpoint) rows in region — 200 distinct variants
Computing r² from genotype matrix: /nfs/research/jlees/jacqueline/thesis_results/gwas_spn_penicillin/inference/02_spn_penicillin_MIC_PPOM/cppRATE_matrices/design_matrix.csv
  r² range (per variant): 0.001 – 1.000 (median 0.928)
Parsing GFF3: /nfs/research/jlees/jacqueline/thesis_results/locus_zoom/spneumoniae/reference/GCA_000026665.1_ASM2666v1_genomic.gff
  Auto-detected seqname from GFF: FM211187.1
  9 genes in region
Building plot...
Saving labeled plot to:   /nfs/research/jlees/jacqueline/thesis_results/locus_zoom/spneumoniae/plots/02_spn_penicillin_MIC_PPOM_pbp_top5/pbp1B_exp_abs_median.png
Saving unlabeled plot to: /nfs/research/jlees/jacqueline/thesis_results/locus_zoom/spneumoniae/plots/02_spn_penicillin_MIC_PPOM_pbp_top5/pbp1B_exp_abs_median_nolabels.png
Done.
Loading positions: /nfs/research/jlees/jacqueline/thesis_results/gwas_datasets/inference/02_spn_penicillin_MIC/02_spn_penicillin_MIC_variant_index.csv
  Loaded 32406 variant positions
Loading variant effects: /nfs/research/jlees/jacqueline/thesis_results/gwas_spn_penicillin/inference/02_spn_penicillin_MIC_PPOM/fitted_model/depruned_variant_effects.csv
  Loaded 226842 (variant, cutpoint) rows from variant_effects — 7 cutpoint(s)
  9 variants with 89% CI excluding zero
Loading SNPEff annotations: /nfs/research/jlees/jacqueline/gwas_data/spn_pneumo/genotype/fields_filtered_maf05_multiallelic.txt
Loading genes_of_interest: /nfs/research/jlees/jacqueline/thesis_code/gwas_genesofinterest/spn_penicillin_genesofinterest.txt
Loading genes_of_interest_gff: /nfs/research/jlees/jacqueline/thesis_code/gwas_genesofinterest/spn_penicillin_genesofinterest.txt
Region: ?:1947499-1957499  |  Lead variant: 28754 (pos 1952499, cutpoint 7)
  833 (variant, cutpoint) rows in region — 119 distinct variants
Computing r² from genotype matrix: /nfs/research/jlees/jacqueline/thesis_results/gwas_spn_penicillin/inference/02_spn_penicillin_MIC_PPOM/cppRATE_matrices/design_matrix.csv
  r² range (per variant): 0.000 – 1.000 (median 0.002)
Parsing GFF3: /nfs/research/jlees/jacqueline/thesis_results/locus_zoom/spneumoniae/reference/GCA_000026665.1_ASM2666v1_genomic.gff
  Auto-detected seqname from GFF: FM211187.1
  12 genes in region
Building plot...
Saving labeled plot to:   /nfs/research/jlees/jacqueline/thesis_results/locus_zoom/spneumoniae/plots/02_spn_penicillin_MIC_PPOM_pbp_top5/pbp2A_exp_abs_median.png
Saving unlabeled plot to: /nfs/research/jlees/jacqueline/thesis_results/locus_zoom/spneumoniae/plots/02_spn_penicillin_MIC_PPOM_pbp_top5/pbp2A_exp_abs_median_nolabels.png
Done.
Loading positions: /nfs/research/jlees/jacqueline/thesis_results/gwas_datasets/inference/02_spn_penicillin_MIC/02_spn_penicillin_MIC_variant_index.csv
  Loaded 32406 variant positions
Loading variant effects: /nfs/research/jlees/jacqueline/thesis_results/gwas_spn_penicillin/inference/02_spn_penicillin_MIC_PPOM/fitted_model/depruned_variant_effects.csv
  Loaded 226842 (variant, cutpoint) rows from variant_effects — 7 cutpoint(s)
  9 variants with 89% CI excluding zero
Loading SNPEff annotations: /nfs/research/jlees/jacqueline/gwas_data/spn_pneumo/genotype/fields_filtered_maf05_multiallelic.txt
Loading genes_of_interest: /nfs/research/jlees/jacqueline/thesis_code/gwas_genesofinterest/spn_penicillin_genesofinterest.txt
Loading genes_of_interest_gff: /nfs/research/jlees/jacqueline/thesis_code/gwas_genesofinterest/spn_penicillin_genesofinterest.txt
Region: ?:1608379-1618379  |  Lead variant: 24226 (pos 1613379, cutpoint 5)
  3717 (variant, cutpoint) rows in region — 531 distinct variants
Computing r² from genotype matrix: /nfs/research/jlees/jacqueline/thesis_results/gwas_spn_penicillin/inference/02_spn_penicillin_MIC_PPOM/cppRATE_matrices/design_matrix.csv
  r² range (per variant): 0.000 – 1.000 (median 0.079)
Parsing GFF3: /nfs/research/jlees/jacqueline/thesis_results/locus_zoom/spneumoniae/reference/GCA_000026665.1_ASM2666v1_genomic.gff
  Auto-detected seqname from GFF: FM211187.1
  10 genes in region
Building plot...
Saving labeled plot to:   /nfs/research/jlees/jacqueline/thesis_results/locus_zoom/spneumoniae/plots/02_spn_penicillin_MIC_PPOM_pbp_top5/penA_exp_abs_median.png
Saving unlabeled plot to: /nfs/research/jlees/jacqueline/thesis_results/locus_zoom/spneumoniae/plots/02_spn_penicillin_MIC_PPOM_pbp_top5/penA_exp_abs_median_nolabels.png
Done.
